c:\users\ultim\source\repos\canarymesh\canarymesh\x64\canary2-debug\vc143.pdb
c:\users\ultim\source\repos\canarymesh\canarymesh\x64\canary2-debug\driver_entry.obj
c:\users\ultim\source\repos\canarymesh\x64\canary2-debug\canarymesh\canarymesh.cat
c:\users\ultim\source\repos\canarymesh\x64\canary2-debug\canarymesh.sys
c:\users\ultim\source\repos\canarymesh\x64\canary2-debug\canarymesh.pdb
c:\users\ultim\source\repos\canarymesh\canarymesh\x64\canary2-debug\canarymesh.inf
c:\users\ultim\source\repos\canarymesh\x64\canary2-debug\canarymesh.cer
c:\users\ultim\source\repos\canarymesh\x64\canary2-debug\canarymesh.inf
c:\users\ultim\source\repos\canarymesh\canarymesh\x64\canary2-debug\canarymesh.tlog\cl.command.1.tlog
c:\users\ultim\source\repos\canarymesh\canarymesh\x64\canary2-debug\canarymesh.tlog\cl.items.tlog
c:\users\ultim\source\repos\canarymesh\canarymesh\x64\canary2-debug\canarymesh.tlog\cl.read.1.tlog
c:\users\ultim\source\repos\canarymesh\canarymesh\x64\canary2-debug\canarymesh.tlog\cl.write.1.tlog
c:\users\ultim\source\repos\canarymesh\canarymesh\x64\canary2-debug\canarymesh.tlog\drvcat.command.1.tlog
c:\users\ultim\source\repos\canarymesh\canarymesh\x64\canary2-debug\canarymesh.tlog\drvcat.read.1.tlog
c:\users\ultim\source\repos\canarymesh\canarymesh\x64\canary2-debug\canarymesh.tlog\drvcat.write.1.tlog
c:\users\ultim\source\repos\canarymesh\canarymesh\x64\canary2-debug\canarymesh.tlog\inf2cat-expand.1016.read.1.tlog
c:\users\ultim\source\repos\canarymesh\canarymesh\x64\canary2-debug\canarymesh.tlog\inf2cat-expand.1016.write.1.tlog
c:\users\ultim\source\repos\canarymesh\canarymesh\x64\canary2-debug\canarymesh.tlog\inf2cat-expand.10360.read.1.tlog
c:\users\ultim\source\repos\canarymesh\canarymesh\x64\canary2-debug\canarymesh.tlog\inf2cat-expand.10360.write.1.tlog
c:\users\ultim\source\repos\canarymesh\canarymesh\x64\canary2-debug\canarymesh.tlog\inf2cat-expand.11364.read.1.tlog
c:\users\ultim\source\repos\canarymesh\canarymesh\x64\canary2-debug\canarymesh.tlog\inf2cat-expand.11364.write.1.tlog
c:\users\ultim\source\repos\canarymesh\canarymesh\x64\canary2-debug\canarymesh.tlog\inf2cat-expand.12480.read.1.tlog
c:\users\ultim\source\repos\canarymesh\canarymesh\x64\canary2-debug\canarymesh.tlog\inf2cat-expand.12480.write.1.tlog
c:\users\ultim\source\repos\canarymesh\canarymesh\x64\canary2-debug\canarymesh.tlog\inf2cat-expand.12872.read.1.tlog
c:\users\ultim\source\repos\canarymesh\canarymesh\x64\canary2-debug\canarymesh.tlog\inf2cat-expand.12872.write.1.tlog
c:\users\ultim\source\repos\canarymesh\canarymesh\x64\canary2-debug\canarymesh.tlog\inf2cat-expand.12916.read.1.tlog
c:\users\ultim\source\repos\canarymesh\canarymesh\x64\canary2-debug\canarymesh.tlog\inf2cat-expand.12916.write.1.tlog
c:\users\ultim\source\repos\canarymesh\canarymesh\x64\canary2-debug\canarymesh.tlog\inf2cat-expand.12956.read.1.tlog
c:\users\ultim\source\repos\canarymesh\canarymesh\x64\canary2-debug\canarymesh.tlog\inf2cat-expand.12956.write.1.tlog
c:\users\ultim\source\repos\canarymesh\canarymesh\x64\canary2-debug\canarymesh.tlog\inf2cat-expand.13392.read.1.tlog
c:\users\ultim\source\repos\canarymesh\canarymesh\x64\canary2-debug\canarymesh.tlog\inf2cat-expand.13392.write.1.tlog
c:\users\ultim\source\repos\canarymesh\canarymesh\x64\canary2-debug\canarymesh.tlog\inf2cat-expand.14112.read.1.tlog
c:\users\ultim\source\repos\canarymesh\canarymesh\x64\canary2-debug\canarymesh.tlog\inf2cat-expand.14112.write.1.tlog
c:\users\ultim\source\repos\canarymesh\canarymesh\x64\canary2-debug\canarymesh.tlog\inf2cat-expand.14240.read.1.tlog
c:\users\ultim\source\repos\canarymesh\canarymesh\x64\canary2-debug\canarymesh.tlog\inf2cat-expand.14240.write.1.tlog
c:\users\ultim\source\repos\canarymesh\canarymesh\x64\canary2-debug\canarymesh.tlog\inf2cat-expand.14588.read.1.tlog
c:\users\ultim\source\repos\canarymesh\canarymesh\x64\canary2-debug\canarymesh.tlog\inf2cat-expand.14588.write.1.tlog
c:\users\ultim\source\repos\canarymesh\canarymesh\x64\canary2-debug\canarymesh.tlog\inf2cat-expand.1464.read.1.tlog
c:\users\ultim\source\repos\canarymesh\canarymesh\x64\canary2-debug\canarymesh.tlog\inf2cat-expand.1464.write.1.tlog
c:\users\ultim\source\repos\canarymesh\canarymesh\x64\canary2-debug\canarymesh.tlog\inf2cat-expand.15188.read.1.tlog
c:\users\ultim\source\repos\canarymesh\canarymesh\x64\canary2-debug\canarymesh.tlog\inf2cat-expand.15188.write.1.tlog
c:\users\ultim\source\repos\canarymesh\canarymesh\x64\canary2-debug\canarymesh.tlog\inf2cat-expand.15640.read.1.tlog
c:\users\ultim\source\repos\canarymesh\canarymesh\x64\canary2-debug\canarymesh.tlog\inf2cat-expand.15640.write.1.tlog
c:\users\ultim\source\repos\canarymesh\canarymesh\x64\canary2-debug\canarymesh.tlog\inf2cat-expand.15672.read.1.tlog
c:\users\ultim\source\repos\canarymesh\canarymesh\x64\canary2-debug\canarymesh.tlog\inf2cat-expand.15672.write.1.tlog
c:\users\ultim\source\repos\canarymesh\canarymesh\x64\canary2-debug\canarymesh.tlog\inf2cat-expand.16020.read.1.tlog
c:\users\ultim\source\repos\canarymesh\canarymesh\x64\canary2-debug\canarymesh.tlog\inf2cat-expand.16020.write.1.tlog
c:\users\ultim\source\repos\canarymesh\canarymesh\x64\canary2-debug\canarymesh.tlog\inf2cat-expand.16072.read.1.tlog
c:\users\ultim\source\repos\canarymesh\canarymesh\x64\canary2-debug\canarymesh.tlog\inf2cat-expand.16072.write.1.tlog
c:\users\ultim\source\repos\canarymesh\canarymesh\x64\canary2-debug\canarymesh.tlog\inf2cat-expand.16556.read.1.tlog
c:\users\ultim\source\repos\canarymesh\canarymesh\x64\canary2-debug\canarymesh.tlog\inf2cat-expand.16556.write.1.tlog
c:\users\ultim\source\repos\canarymesh\canarymesh\x64\canary2-debug\canarymesh.tlog\inf2cat-expand.17160.read.1.tlog
c:\users\ultim\source\repos\canarymesh\canarymesh\x64\canary2-debug\canarymesh.tlog\inf2cat-expand.17160.write.1.tlog
c:\users\ultim\source\repos\canarymesh\canarymesh\x64\canary2-debug\canarymesh.tlog\inf2cat-expand.1720.read.1.tlog
c:\users\ultim\source\repos\canarymesh\canarymesh\x64\canary2-debug\canarymesh.tlog\inf2cat-expand.1720.write.1.tlog
c:\users\ultim\source\repos\canarymesh\canarymesh\x64\canary2-debug\canarymesh.tlog\inf2cat-expand.17416.read.1.tlog
c:\users\ultim\source\repos\canarymesh\canarymesh\x64\canary2-debug\canarymesh.tlog\inf2cat-expand.17416.write.1.tlog
c:\users\ultim\source\repos\canarymesh\canarymesh\x64\canary2-debug\canarymesh.tlog\inf2cat-expand.18660.read.1.tlog
c:\users\ultim\source\repos\canarymesh\canarymesh\x64\canary2-debug\canarymesh.tlog\inf2cat-expand.18660.write.1.tlog
c:\users\ultim\source\repos\canarymesh\canarymesh\x64\canary2-debug\canarymesh.tlog\inf2cat-expand.19028.read.1.tlog
c:\users\ultim\source\repos\canarymesh\canarymesh\x64\canary2-debug\canarymesh.tlog\inf2cat-expand.19028.write.1.tlog
c:\users\ultim\source\repos\canarymesh\canarymesh\x64\canary2-debug\canarymesh.tlog\inf2cat-expand.19408.read.1.tlog
c:\users\ultim\source\repos\canarymesh\canarymesh\x64\canary2-debug\canarymesh.tlog\inf2cat-expand.19408.write.1.tlog
c:\users\ultim\source\repos\canarymesh\canarymesh\x64\canary2-debug\canarymesh.tlog\inf2cat-expand.3012.read.1.tlog
c:\users\ultim\source\repos\canarymesh\canarymesh\x64\canary2-debug\canarymesh.tlog\inf2cat-expand.3012.write.1.tlog
c:\users\ultim\source\repos\canarymesh\canarymesh\x64\canary2-debug\canarymesh.tlog\inf2cat-expand.4036.read.1.tlog
c:\users\ultim\source\repos\canarymesh\canarymesh\x64\canary2-debug\canarymesh.tlog\inf2cat-expand.4036.write.1.tlog
c:\users\ultim\source\repos\canarymesh\canarymesh\x64\canary2-debug\canarymesh.tlog\inf2cat-expand.4076.read.1.tlog
c:\users\ultim\source\repos\canarymesh\canarymesh\x64\canary2-debug\canarymesh.tlog\inf2cat-expand.4076.write.1.tlog
c:\users\ultim\source\repos\canarymesh\canarymesh\x64\canary2-debug\canarymesh.tlog\inf2cat-expand.4136.read.1.tlog
c:\users\ultim\source\repos\canarymesh\canarymesh\x64\canary2-debug\canarymesh.tlog\inf2cat-expand.4136.write.1.tlog
c:\users\ultim\source\repos\canarymesh\canarymesh\x64\canary2-debug\canarymesh.tlog\inf2cat-expand.4916.read.1.tlog
c:\users\ultim\source\repos\canarymesh\canarymesh\x64\canary2-debug\canarymesh.tlog\inf2cat-expand.4916.write.1.tlog
c:\users\ultim\source\repos\canarymesh\canarymesh\x64\canary2-debug\canarymesh.tlog\inf2cat-expand.6076.read.1.tlog
c:\users\ultim\source\repos\canarymesh\canarymesh\x64\canary2-debug\canarymesh.tlog\inf2cat-expand.6076.write.1.tlog
c:\users\ultim\source\repos\canarymesh\canarymesh\x64\canary2-debug\canarymesh.tlog\inf2cat-expand.6204.read.1.tlog
c:\users\ultim\source\repos\canarymesh\canarymesh\x64\canary2-debug\canarymesh.tlog\inf2cat-expand.6204.write.1.tlog
c:\users\ultim\source\repos\canarymesh\canarymesh\x64\canary2-debug\canarymesh.tlog\inf2cat-expand.6312.read.1.tlog
c:\users\ultim\source\repos\canarymesh\canarymesh\x64\canary2-debug\canarymesh.tlog\inf2cat-expand.6312.write.1.tlog
c:\users\ultim\source\repos\canarymesh\canarymesh\x64\canary2-debug\canarymesh.tlog\inf2cat-expand.6600.read.1.tlog
c:\users\ultim\source\repos\canarymesh\canarymesh\x64\canary2-debug\canarymesh.tlog\inf2cat-expand.6600.write.1.tlog
c:\users\ultim\source\repos\canarymesh\canarymesh\x64\canary2-debug\canarymesh.tlog\inf2cat-expand.8328.read.1.tlog
c:\users\ultim\source\repos\canarymesh\canarymesh\x64\canary2-debug\canarymesh.tlog\inf2cat-expand.8328.write.1.tlog
c:\users\ultim\source\repos\canarymesh\canarymesh\x64\canary2-debug\canarymesh.tlog\inf2cat-expand.8500.read.1.tlog
c:\users\ultim\source\repos\canarymesh\canarymesh\x64\canary2-debug\canarymesh.tlog\inf2cat-expand.8500.write.1.tlog
c:\users\ultim\source\repos\canarymesh\canarymesh\x64\canary2-debug\canarymesh.tlog\inf2cat-expand.8536.read.1.tlog
c:\users\ultim\source\repos\canarymesh\canarymesh\x64\canary2-debug\canarymesh.tlog\inf2cat-expand.8536.write.1.tlog
c:\users\ultim\source\repos\canarymesh\canarymesh\x64\canary2-debug\canarymesh.tlog\inf2cat-expand.8700.read.1.tlog
c:\users\ultim\source\repos\canarymesh\canarymesh\x64\canary2-debug\canarymesh.tlog\inf2cat-expand.8700.write.1.tlog
c:\users\ultim\source\repos\canarymesh\canarymesh\x64\canary2-debug\canarymesh.tlog\inf2cat-expand.9124.read.1.tlog
c:\users\ultim\source\repos\canarymesh\canarymesh\x64\canary2-debug\canarymesh.tlog\inf2cat-expand.9124.write.1.tlog
c:\users\ultim\source\repos\canarymesh\canarymesh\x64\canary2-debug\canarymesh.tlog\inf2cat-expand.9164.read.1.tlog
c:\users\ultim\source\repos\canarymesh\canarymesh\x64\canary2-debug\canarymesh.tlog\inf2cat-expand.9164.write.1.tlog
c:\users\ultim\source\repos\canarymesh\canarymesh\x64\canary2-debug\canarymesh.tlog\inf2cat-expand.read.1.tlog
c:\users\ultim\source\repos\canarymesh\canarymesh\x64\canary2-debug\canarymesh.tlog\inf2cat-expand.write.1.tlog
c:\users\ultim\source\repos\canarymesh\canarymesh\x64\canary2-debug\canarymesh.tlog\inf2cat.command.1.tlog
c:\users\ultim\source\repos\canarymesh\canarymesh\x64\canary2-debug\canarymesh.tlog\inf2cat.read.1.tlog
c:\users\ultim\source\repos\canarymesh\canarymesh\x64\canary2-debug\canarymesh.tlog\inf2cat.write.1.tlog
c:\users\ultim\source\repos\canarymesh\canarymesh\x64\canary2-debug\canarymesh.tlog\link.command.1.tlog
c:\users\ultim\source\repos\canarymesh\canarymesh\x64\canary2-debug\canarymesh.tlog\link.read.1.tlog
c:\users\ultim\source\repos\canarymesh\canarymesh\x64\canary2-debug\canarymesh.tlog\link.secondary.1.tlog
c:\users\ultim\source\repos\canarymesh\canarymesh\x64\canary2-debug\canarymesh.tlog\link.write.1.tlog
c:\users\ultim\source\repos\canarymesh\canarymesh\x64\canary2-debug\canarymesh.tlog\signtool.command.1.tlog
c:\users\ultim\source\repos\canarymesh\canarymesh\x64\canary2-debug\canarymesh.tlog\signtool.read.1.tlog
c:\users\ultim\source\repos\canarymesh\canarymesh\x64\canary2-debug\canarymesh.tlog\signtool.timestamp.1.tlog
c:\users\ultim\source\repos\canarymesh\canarymesh\x64\canary2-debug\canarymesh.tlog\signtool.write.1.tlog
c:\users\ultim\source\repos\canarymesh\canarymesh\x64\canary2-debug\canarymesh.tlog\stampinf.command.1.tlog
c:\users\ultim\source\repos\canarymesh\canarymesh\x64\canary2-debug\canarymesh.tlog\stampinf.read.1.tlog
c:\users\ultim\source\repos\canarymesh\canarymesh\x64\canary2-debug\canarymesh.tlog\stampinf.write.1.tlog
