c:\users\ultim\source\repos\dectectorone\dectectorone\x64\debug\vc143.pdb
c:\users\ultim\source\repos\dectectorone\dectectorone\x64\debug\driverentry.obj
c:\users\ultim\source\repos\dectectorone\dectectorone\x64\debug\detectoroneiatregistry.obj
c:\users\ultim\source\repos\dectectorone\dectectorone\x64\debug\detectoronecanaries.obj
c:\users\ultim\source\repos\dectectorone\dectectorone\x64\debug\detectoronecallbacks.obj
c:\users\ultim\source\repos\dectectorone\dectectorone\x64\debug\detectoronetelemetry.obj
c:\users\ultim\source\repos\dectectorone\x64\debug\dectectorone\dectectorone.cat
c:\users\ultim\source\repos\dectectorone\x64\debug\dectectorone.sys
c:\users\ultim\source\repos\dectectorone\x64\debug\dectectorone.pdb
c:\users\ultim\source\repos\dectectorone\dectectorone\x64\debug\dectectorone.inf
c:\users\ultim\source\repos\dectectorone\x64\debug\dectectorone.cer
c:\users\ultim\source\repos\dectectorone\x64\debug\dectectorone.inf
c:\users\ultim\source\repos\dectectorone\dectectorone\x64\debug\log.obj
c:\users\ultim\source\repos\dectectorone\dectectorone\x64\debug\dectectorone.tlog\cl.command.1.tlog
c:\users\ultim\source\repos\dectectorone\dectectorone\x64\debug\dectectorone.tlog\cl.items.tlog
c:\users\ultim\source\repos\dectectorone\dectectorone\x64\debug\dectectorone.tlog\cl.read.1.tlog
c:\users\ultim\source\repos\dectectorone\dectectorone\x64\debug\dectectorone.tlog\cl.write.1.tlog
c:\users\ultim\source\repos\dectectorone\dectectorone\x64\debug\dectectorone.tlog\drvcat.command.1.tlog
c:\users\ultim\source\repos\dectectorone\dectectorone\x64\debug\dectectorone.tlog\drvcat.read.1.tlog
c:\users\ultim\source\repos\dectectorone\dectectorone\x64\debug\dectectorone.tlog\drvcat.write.1.tlog
c:\users\ultim\source\repos\dectectorone\dectectorone\x64\debug\dectectorone.tlog\inf2cat-expand.10108.read.1.tlog
c:\users\ultim\source\repos\dectectorone\dectectorone\x64\debug\dectectorone.tlog\inf2cat-expand.10108.write.1.tlog
c:\users\ultim\source\repos\dectectorone\dectectorone\x64\debug\dectectorone.tlog\inf2cat-expand.10196.read.1.tlog
c:\users\ultim\source\repos\dectectorone\dectectorone\x64\debug\dectectorone.tlog\inf2cat-expand.10196.write.1.tlog
c:\users\ultim\source\repos\dectectorone\dectectorone\x64\debug\dectectorone.tlog\inf2cat-expand.10812.read.1.tlog
c:\users\ultim\source\repos\dectectorone\dectectorone\x64\debug\dectectorone.tlog\inf2cat-expand.10812.write.1.tlog
c:\users\ultim\source\repos\dectectorone\dectectorone\x64\debug\dectectorone.tlog\inf2cat-expand.11000.read.1.tlog
c:\users\ultim\source\repos\dectectorone\dectectorone\x64\debug\dectectorone.tlog\inf2cat-expand.11000.write.1.tlog
c:\users\ultim\source\repos\dectectorone\dectectorone\x64\debug\dectectorone.tlog\inf2cat-expand.11516.read.1.tlog
c:\users\ultim\source\repos\dectectorone\dectectorone\x64\debug\dectectorone.tlog\inf2cat-expand.11516.write.1.tlog
c:\users\ultim\source\repos\dectectorone\dectectorone\x64\debug\dectectorone.tlog\inf2cat-expand.1168.read.1.tlog
c:\users\ultim\source\repos\dectectorone\dectectorone\x64\debug\dectectorone.tlog\inf2cat-expand.1168.write.1.tlog
c:\users\ultim\source\repos\dectectorone\dectectorone\x64\debug\dectectorone.tlog\inf2cat-expand.11728.read.1.tlog
c:\users\ultim\source\repos\dectectorone\dectectorone\x64\debug\dectectorone.tlog\inf2cat-expand.11728.write.1.tlog
c:\users\ultim\source\repos\dectectorone\dectectorone\x64\debug\dectectorone.tlog\inf2cat-expand.11848.read.1.tlog
c:\users\ultim\source\repos\dectectorone\dectectorone\x64\debug\dectectorone.tlog\inf2cat-expand.11848.write.1.tlog
c:\users\ultim\source\repos\dectectorone\dectectorone\x64\debug\dectectorone.tlog\inf2cat-expand.1220.read.1.tlog
c:\users\ultim\source\repos\dectectorone\dectectorone\x64\debug\dectectorone.tlog\inf2cat-expand.1220.write.1.tlog
c:\users\ultim\source\repos\dectectorone\dectectorone\x64\debug\dectectorone.tlog\inf2cat-expand.12328.read.1.tlog
c:\users\ultim\source\repos\dectectorone\dectectorone\x64\debug\dectectorone.tlog\inf2cat-expand.12328.write.1.tlog
c:\users\ultim\source\repos\dectectorone\dectectorone\x64\debug\dectectorone.tlog\inf2cat-expand.12536.read.1.tlog
c:\users\ultim\source\repos\dectectorone\dectectorone\x64\debug\dectectorone.tlog\inf2cat-expand.12536.write.1.tlog
c:\users\ultim\source\repos\dectectorone\dectectorone\x64\debug\dectectorone.tlog\inf2cat-expand.12984.read.1.tlog
c:\users\ultim\source\repos\dectectorone\dectectorone\x64\debug\dectectorone.tlog\inf2cat-expand.12984.write.1.tlog
c:\users\ultim\source\repos\dectectorone\dectectorone\x64\debug\dectectorone.tlog\inf2cat-expand.1348.read.1.tlog
c:\users\ultim\source\repos\dectectorone\dectectorone\x64\debug\dectectorone.tlog\inf2cat-expand.1348.write.1.tlog
c:\users\ultim\source\repos\dectectorone\dectectorone\x64\debug\dectectorone.tlog\inf2cat-expand.13600.read.1.tlog
c:\users\ultim\source\repos\dectectorone\dectectorone\x64\debug\dectectorone.tlog\inf2cat-expand.13600.write.1.tlog
c:\users\ultim\source\repos\dectectorone\dectectorone\x64\debug\dectectorone.tlog\inf2cat-expand.13608.read.1.tlog
c:\users\ultim\source\repos\dectectorone\dectectorone\x64\debug\dectectorone.tlog\inf2cat-expand.13608.write.1.tlog
c:\users\ultim\source\repos\dectectorone\dectectorone\x64\debug\dectectorone.tlog\inf2cat-expand.14004.read.1.tlog
c:\users\ultim\source\repos\dectectorone\dectectorone\x64\debug\dectectorone.tlog\inf2cat-expand.14004.write.1.tlog
c:\users\ultim\source\repos\dectectorone\dectectorone\x64\debug\dectectorone.tlog\inf2cat-expand.14044.read.1.tlog
c:\users\ultim\source\repos\dectectorone\dectectorone\x64\debug\dectectorone.tlog\inf2cat-expand.14044.write.1.tlog
c:\users\ultim\source\repos\dectectorone\dectectorone\x64\debug\dectectorone.tlog\inf2cat-expand.14292.read.1.tlog
c:\users\ultim\source\repos\dectectorone\dectectorone\x64\debug\dectectorone.tlog\inf2cat-expand.14292.write.1.tlog
c:\users\ultim\source\repos\dectectorone\dectectorone\x64\debug\dectectorone.tlog\inf2cat-expand.15040.read.1.tlog
c:\users\ultim\source\repos\dectectorone\dectectorone\x64\debug\dectectorone.tlog\inf2cat-expand.15040.write.1.tlog
c:\users\ultim\source\repos\dectectorone\dectectorone\x64\debug\dectectorone.tlog\inf2cat-expand.15108.read.1.tlog
c:\users\ultim\source\repos\dectectorone\dectectorone\x64\debug\dectectorone.tlog\inf2cat-expand.15108.write.1.tlog
c:\users\ultim\source\repos\dectectorone\dectectorone\x64\debug\dectectorone.tlog\inf2cat-expand.17208.read.1.tlog
c:\users\ultim\source\repos\dectectorone\dectectorone\x64\debug\dectectorone.tlog\inf2cat-expand.17208.write.1.tlog
c:\users\ultim\source\repos\dectectorone\dectectorone\x64\debug\dectectorone.tlog\inf2cat-expand.17452.read.1.tlog
c:\users\ultim\source\repos\dectectorone\dectectorone\x64\debug\dectectorone.tlog\inf2cat-expand.17452.write.1.tlog
c:\users\ultim\source\repos\dectectorone\dectectorone\x64\debug\dectectorone.tlog\inf2cat-expand.176.read.1.tlog
c:\users\ultim\source\repos\dectectorone\dectectorone\x64\debug\dectectorone.tlog\inf2cat-expand.176.write.1.tlog
c:\users\ultim\source\repos\dectectorone\dectectorone\x64\debug\dectectorone.tlog\inf2cat-expand.17700.read.1.tlog
c:\users\ultim\source\repos\dectectorone\dectectorone\x64\debug\dectectorone.tlog\inf2cat-expand.17700.write.1.tlog
c:\users\ultim\source\repos\dectectorone\dectectorone\x64\debug\dectectorone.tlog\inf2cat-expand.17864.read.1.tlog
c:\users\ultim\source\repos\dectectorone\dectectorone\x64\debug\dectectorone.tlog\inf2cat-expand.17864.write.1.tlog
c:\users\ultim\source\repos\dectectorone\dectectorone\x64\debug\dectectorone.tlog\inf2cat-expand.2976.read.1.tlog
c:\users\ultim\source\repos\dectectorone\dectectorone\x64\debug\dectectorone.tlog\inf2cat-expand.2976.write.1.tlog
c:\users\ultim\source\repos\dectectorone\dectectorone\x64\debug\dectectorone.tlog\inf2cat-expand.2988.read.1.tlog
c:\users\ultim\source\repos\dectectorone\dectectorone\x64\debug\dectectorone.tlog\inf2cat-expand.2988.write.1.tlog
c:\users\ultim\source\repos\dectectorone\dectectorone\x64\debug\dectectorone.tlog\inf2cat-expand.3120.read.1.tlog
c:\users\ultim\source\repos\dectectorone\dectectorone\x64\debug\dectectorone.tlog\inf2cat-expand.3120.write.1.tlog
c:\users\ultim\source\repos\dectectorone\dectectorone\x64\debug\dectectorone.tlog\inf2cat-expand.3544.read.1.tlog
c:\users\ultim\source\repos\dectectorone\dectectorone\x64\debug\dectectorone.tlog\inf2cat-expand.3544.write.1.tlog
c:\users\ultim\source\repos\dectectorone\dectectorone\x64\debug\dectectorone.tlog\inf2cat-expand.3796.read.1.tlog
c:\users\ultim\source\repos\dectectorone\dectectorone\x64\debug\dectectorone.tlog\inf2cat-expand.3796.write.1.tlog
c:\users\ultim\source\repos\dectectorone\dectectorone\x64\debug\dectectorone.tlog\inf2cat-expand.4172.read.1.tlog
c:\users\ultim\source\repos\dectectorone\dectectorone\x64\debug\dectectorone.tlog\inf2cat-expand.4172.write.1.tlog
c:\users\ultim\source\repos\dectectorone\dectectorone\x64\debug\dectectorone.tlog\inf2cat-expand.4352.read.1.tlog
c:\users\ultim\source\repos\dectectorone\dectectorone\x64\debug\dectectorone.tlog\inf2cat-expand.4352.write.1.tlog
c:\users\ultim\source\repos\dectectorone\dectectorone\x64\debug\dectectorone.tlog\inf2cat-expand.4592.read.1.tlog
c:\users\ultim\source\repos\dectectorone\dectectorone\x64\debug\dectectorone.tlog\inf2cat-expand.4592.write.1.tlog
c:\users\ultim\source\repos\dectectorone\dectectorone\x64\debug\dectectorone.tlog\inf2cat-expand.4808.read.1.tlog
c:\users\ultim\source\repos\dectectorone\dectectorone\x64\debug\dectectorone.tlog\inf2cat-expand.4808.write.1.tlog
c:\users\ultim\source\repos\dectectorone\dectectorone\x64\debug\dectectorone.tlog\inf2cat-expand.5620.read.1.tlog
c:\users\ultim\source\repos\dectectorone\dectectorone\x64\debug\dectectorone.tlog\inf2cat-expand.5620.write.1.tlog
c:\users\ultim\source\repos\dectectorone\dectectorone\x64\debug\dectectorone.tlog\inf2cat-expand.5716.read.1.tlog
c:\users\ultim\source\repos\dectectorone\dectectorone\x64\debug\dectectorone.tlog\inf2cat-expand.5716.write.1.tlog
c:\users\ultim\source\repos\dectectorone\dectectorone\x64\debug\dectectorone.tlog\inf2cat-expand.6080.read.1.tlog
c:\users\ultim\source\repos\dectectorone\dectectorone\x64\debug\dectectorone.tlog\inf2cat-expand.6080.write.1.tlog
c:\users\ultim\source\repos\dectectorone\dectectorone\x64\debug\dectectorone.tlog\inf2cat-expand.6152.read.1.tlog
c:\users\ultim\source\repos\dectectorone\dectectorone\x64\debug\dectectorone.tlog\inf2cat-expand.6152.write.1.tlog
c:\users\ultim\source\repos\dectectorone\dectectorone\x64\debug\dectectorone.tlog\inf2cat-expand.6552.read.1.tlog
c:\users\ultim\source\repos\dectectorone\dectectorone\x64\debug\dectectorone.tlog\inf2cat-expand.6552.write.1.tlog
c:\users\ultim\source\repos\dectectorone\dectectorone\x64\debug\dectectorone.tlog\inf2cat-expand.6852.read.1.tlog
c:\users\ultim\source\repos\dectectorone\dectectorone\x64\debug\dectectorone.tlog\inf2cat-expand.6852.write.1.tlog
c:\users\ultim\source\repos\dectectorone\dectectorone\x64\debug\dectectorone.tlog\inf2cat-expand.6860.read.1.tlog
c:\users\ultim\source\repos\dectectorone\dectectorone\x64\debug\dectectorone.tlog\inf2cat-expand.6860.write.1.tlog
c:\users\ultim\source\repos\dectectorone\dectectorone\x64\debug\dectectorone.tlog\inf2cat-expand.6912.read.1.tlog
c:\users\ultim\source\repos\dectectorone\dectectorone\x64\debug\dectectorone.tlog\inf2cat-expand.6912.write.1.tlog
c:\users\ultim\source\repos\dectectorone\dectectorone\x64\debug\dectectorone.tlog\inf2cat-expand.7132.read.1.tlog
c:\users\ultim\source\repos\dectectorone\dectectorone\x64\debug\dectectorone.tlog\inf2cat-expand.7132.write.1.tlog
c:\users\ultim\source\repos\dectectorone\dectectorone\x64\debug\dectectorone.tlog\inf2cat-expand.8052.read.1.tlog
c:\users\ultim\source\repos\dectectorone\dectectorone\x64\debug\dectectorone.tlog\inf2cat-expand.8052.write.1.tlog
c:\users\ultim\source\repos\dectectorone\dectectorone\x64\debug\dectectorone.tlog\inf2cat-expand.808.read.1.tlog
c:\users\ultim\source\repos\dectectorone\dectectorone\x64\debug\dectectorone.tlog\inf2cat-expand.808.write.1.tlog
c:\users\ultim\source\repos\dectectorone\dectectorone\x64\debug\dectectorone.tlog\inf2cat-expand.8180.read.1.tlog
c:\users\ultim\source\repos\dectectorone\dectectorone\x64\debug\dectectorone.tlog\inf2cat-expand.8180.write.1.tlog
c:\users\ultim\source\repos\dectectorone\dectectorone\x64\debug\dectectorone.tlog\inf2cat-expand.8536.read.1.tlog
c:\users\ultim\source\repos\dectectorone\dectectorone\x64\debug\dectectorone.tlog\inf2cat-expand.8536.write.1.tlog
c:\users\ultim\source\repos\dectectorone\dectectorone\x64\debug\dectectorone.tlog\inf2cat-expand.9264.read.1.tlog
c:\users\ultim\source\repos\dectectorone\dectectorone\x64\debug\dectectorone.tlog\inf2cat-expand.9264.write.1.tlog
c:\users\ultim\source\repos\dectectorone\dectectorone\x64\debug\dectectorone.tlog\inf2cat-expand.read.1.tlog
c:\users\ultim\source\repos\dectectorone\dectectorone\x64\debug\dectectorone.tlog\inf2cat-expand.write.1.tlog
c:\users\ultim\source\repos\dectectorone\dectectorone\x64\debug\dectectorone.tlog\inf2cat.command.1.tlog
c:\users\ultim\source\repos\dectectorone\dectectorone\x64\debug\dectectorone.tlog\inf2cat.read.1.tlog
c:\users\ultim\source\repos\dectectorone\dectectorone\x64\debug\dectectorone.tlog\inf2cat.write.1.tlog
c:\users\ultim\source\repos\dectectorone\dectectorone\x64\debug\dectectorone.tlog\link.command.1.tlog
c:\users\ultim\source\repos\dectectorone\dectectorone\x64\debug\dectectorone.tlog\link.read.1.tlog
c:\users\ultim\source\repos\dectectorone\dectectorone\x64\debug\dectectorone.tlog\link.secondary.1.tlog
c:\users\ultim\source\repos\dectectorone\dectectorone\x64\debug\dectectorone.tlog\link.write.1.tlog
c:\users\ultim\source\repos\dectectorone\dectectorone\x64\debug\dectectorone.tlog\signtool.command.1.tlog
c:\users\ultim\source\repos\dectectorone\dectectorone\x64\debug\dectectorone.tlog\signtool.read.1.tlog
c:\users\ultim\source\repos\dectectorone\dectectorone\x64\debug\dectectorone.tlog\signtool.timestamp.1.tlog
c:\users\ultim\source\repos\dectectorone\dectectorone\x64\debug\dectectorone.tlog\signtool.write.1.tlog
c:\users\ultim\source\repos\dectectorone\dectectorone\x64\debug\dectectorone.tlog\stampinf.command.1.tlog
c:\users\ultim\source\repos\dectectorone\dectectorone\x64\debug\dectectorone.tlog\stampinf.read.1.tlog
c:\users\ultim\source\repos\dectectorone\dectectorone\x64\debug\dectectorone.tlog\stampinf.write.1.tlog
