c:\users\ultim\source\repos\dectectorone\dectectorone\x64\release\vc143.pdb
c:\users\ultim\source\repos\dectectorone\dectectorone\x64\release\log.obj
c:\users\ultim\source\repos\dectectorone\dectectorone\x64\release\driverentry.obj
c:\users\ultim\source\repos\dectectorone\x64\release\dectectorone\dectectorone.cat
c:\users\ultim\source\repos\dectectorone\x64\release\dectectorone.sys
c:\users\ultim\source\repos\dectectorone\x64\release\dectectorone.pdb
c:\users\ultim\source\repos\dectectorone\dectectorone\x64\release\dectectorone.inf
c:\users\ultim\source\repos\dectectorone\x64\release\dectectorone.cer
c:\users\ultim\source\repos\dectectorone\x64\release\dectectorone.inf
c:\users\ultim\source\repos\dectectorone\dectectorone\x64\release\dectectorone.tlog\cl.command.1.tlog
c:\users\ultim\source\repos\dectectorone\dectectorone\x64\release\dectectorone.tlog\cl.items.tlog
c:\users\ultim\source\repos\dectectorone\dectectorone\x64\release\dectectorone.tlog\cl.read.1.tlog
c:\users\ultim\source\repos\dectectorone\dectectorone\x64\release\dectectorone.tlog\cl.write.1.tlog
c:\users\ultim\source\repos\dectectorone\dectectorone\x64\release\dectectorone.tlog\drvcat.command.1.tlog
c:\users\ultim\source\repos\dectectorone\dectectorone\x64\release\dectectorone.tlog\drvcat.read.1.tlog
c:\users\ultim\source\repos\dectectorone\dectectorone\x64\release\dectectorone.tlog\drvcat.write.1.tlog
c:\users\ultim\source\repos\dectectorone\dectectorone\x64\release\dectectorone.tlog\inf2cat-expand.10052.read.1.tlog
c:\users\ultim\source\repos\dectectorone\dectectorone\x64\release\dectectorone.tlog\inf2cat-expand.10052.write.1.tlog
c:\users\ultim\source\repos\dectectorone\dectectorone\x64\release\dectectorone.tlog\inf2cat-expand.10300.read.1.tlog
c:\users\ultim\source\repos\dectectorone\dectectorone\x64\release\dectectorone.tlog\inf2cat-expand.10300.write.1.tlog
c:\users\ultim\source\repos\dectectorone\dectectorone\x64\release\dectectorone.tlog\inf2cat-expand.12132.read.1.tlog
c:\users\ultim\source\repos\dectectorone\dectectorone\x64\release\dectectorone.tlog\inf2cat-expand.12132.write.1.tlog
c:\users\ultim\source\repos\dectectorone\dectectorone\x64\release\dectectorone.tlog\inf2cat-expand.12360.read.1.tlog
c:\users\ultim\source\repos\dectectorone\dectectorone\x64\release\dectectorone.tlog\inf2cat-expand.12360.write.1.tlog
c:\users\ultim\source\repos\dectectorone\dectectorone\x64\release\dectectorone.tlog\inf2cat-expand.14188.read.1.tlog
c:\users\ultim\source\repos\dectectorone\dectectorone\x64\release\dectectorone.tlog\inf2cat-expand.14188.write.1.tlog
c:\users\ultim\source\repos\dectectorone\dectectorone\x64\release\dectectorone.tlog\inf2cat-expand.17232.read.1.tlog
c:\users\ultim\source\repos\dectectorone\dectectorone\x64\release\dectectorone.tlog\inf2cat-expand.17232.write.1.tlog
c:\users\ultim\source\repos\dectectorone\dectectorone\x64\release\dectectorone.tlog\inf2cat-expand.19156.read.1.tlog
c:\users\ultim\source\repos\dectectorone\dectectorone\x64\release\dectectorone.tlog\inf2cat-expand.19156.write.1.tlog
c:\users\ultim\source\repos\dectectorone\dectectorone\x64\release\dectectorone.tlog\inf2cat-expand.1936.read.1.tlog
c:\users\ultim\source\repos\dectectorone\dectectorone\x64\release\dectectorone.tlog\inf2cat-expand.1936.write.1.tlog
c:\users\ultim\source\repos\dectectorone\dectectorone\x64\release\dectectorone.tlog\inf2cat-expand.2172.read.1.tlog
c:\users\ultim\source\repos\dectectorone\dectectorone\x64\release\dectectorone.tlog\inf2cat-expand.2172.write.1.tlog
c:\users\ultim\source\repos\dectectorone\dectectorone\x64\release\dectectorone.tlog\inf2cat-expand.3600.read.1.tlog
c:\users\ultim\source\repos\dectectorone\dectectorone\x64\release\dectectorone.tlog\inf2cat-expand.3600.write.1.tlog
c:\users\ultim\source\repos\dectectorone\dectectorone\x64\release\dectectorone.tlog\inf2cat-expand.5516.read.1.tlog
c:\users\ultim\source\repos\dectectorone\dectectorone\x64\release\dectectorone.tlog\inf2cat-expand.5516.write.1.tlog
c:\users\ultim\source\repos\dectectorone\dectectorone\x64\release\dectectorone.tlog\inf2cat-expand.6504.read.1.tlog
c:\users\ultim\source\repos\dectectorone\dectectorone\x64\release\dectectorone.tlog\inf2cat-expand.6504.write.1.tlog
c:\users\ultim\source\repos\dectectorone\dectectorone\x64\release\dectectorone.tlog\inf2cat-expand.7880.read.1.tlog
c:\users\ultim\source\repos\dectectorone\dectectorone\x64\release\dectectorone.tlog\inf2cat-expand.7880.write.1.tlog
c:\users\ultim\source\repos\dectectorone\dectectorone\x64\release\dectectorone.tlog\inf2cat-expand.read.1.tlog
c:\users\ultim\source\repos\dectectorone\dectectorone\x64\release\dectectorone.tlog\inf2cat-expand.write.1.tlog
c:\users\ultim\source\repos\dectectorone\dectectorone\x64\release\dectectorone.tlog\inf2cat.command.1.tlog
c:\users\ultim\source\repos\dectectorone\dectectorone\x64\release\dectectorone.tlog\link.command.1.tlog
c:\users\ultim\source\repos\dectectorone\dectectorone\x64\release\dectectorone.tlog\link.read.1.tlog
c:\users\ultim\source\repos\dectectorone\dectectorone\x64\release\dectectorone.tlog\link.secondary.1.tlog
c:\users\ultim\source\repos\dectectorone\dectectorone\x64\release\dectectorone.tlog\link.write.1.tlog
c:\users\ultim\source\repos\dectectorone\dectectorone\x64\release\dectectorone.tlog\signtool.command.1.tlog
c:\users\ultim\source\repos\dectectorone\dectectorone\x64\release\dectectorone.tlog\signtool.read.1.tlog
c:\users\ultim\source\repos\dectectorone\dectectorone\x64\release\dectectorone.tlog\signtool.timestamp.1.tlog
c:\users\ultim\source\repos\dectectorone\dectectorone\x64\release\dectectorone.tlog\signtool.write.1.tlog
c:\users\ultim\source\repos\dectectorone\dectectorone\x64\release\dectectorone.tlog\stampinf.command.1.tlog
c:\users\ultim\source\repos\dectectorone\dectectorone\x64\release\dectectorone.tlog\stampinf.read.1.tlog
c:\users\ultim\source\repos\dectectorone\dectectorone\x64\release\dectectorone.tlog\stampinf.write.1.tlog
