c:\users\ultim\source\repos\canarymesh\canarymesh\x64\canary3-debug\vc143.pdb
c:\users\ultim\source\repos\canarymesh\canarymesh\x64\canary3-debug\driver_entry.obj
c:\users\ultim\source\repos\canarymesh\x64\canary3-debug\canarymesh\canarymesh.cat
c:\users\ultim\source\repos\canarymesh\x64\canary3-debug\canarymesh.sys
c:\users\ultim\source\repos\canarymesh\x64\canary3-debug\canarymesh.pdb
c:\users\ultim\source\repos\canarymesh\canarymesh\x64\canary3-debug\canarymesh.inf
c:\users\ultim\source\repos\canarymesh\x64\canary3-debug\canarymesh.cer
c:\users\ultim\source\repos\canarymesh\x64\canary3-debug\canarymesh.inf
c:\users\ultim\source\repos\canarymesh\canarymesh\x64\canary3-debug\canarymesh.tlog\cl.command.1.tlog
c:\users\ultim\source\repos\canarymesh\canarymesh\x64\canary3-debug\canarymesh.tlog\cl.items.tlog
c:\users\ultim\source\repos\canarymesh\canarymesh\x64\canary3-debug\canarymesh.tlog\cl.read.1.tlog
c:\users\ultim\source\repos\canarymesh\canarymesh\x64\canary3-debug\canarymesh.tlog\cl.write.1.tlog
c:\users\ultim\source\repos\canarymesh\canarymesh\x64\canary3-debug\canarymesh.tlog\drvcat.command.1.tlog
c:\users\ultim\source\repos\canarymesh\canarymesh\x64\canary3-debug\canarymesh.tlog\drvcat.read.1.tlog
c:\users\ultim\source\repos\canarymesh\canarymesh\x64\canary3-debug\canarymesh.tlog\drvcat.write.1.tlog
c:\users\ultim\source\repos\canarymesh\canarymesh\x64\canary3-debug\canarymesh.tlog\inf2cat-expand.10576.read.1.tlog
c:\users\ultim\source\repos\canarymesh\canarymesh\x64\canary3-debug\canarymesh.tlog\inf2cat-expand.10576.write.1.tlog
c:\users\ultim\source\repos\canarymesh\canarymesh\x64\canary3-debug\canarymesh.tlog\inf2cat-expand.10788.read.1.tlog
c:\users\ultim\source\repos\canarymesh\canarymesh\x64\canary3-debug\canarymesh.tlog\inf2cat-expand.10788.write.1.tlog
c:\users\ultim\source\repos\canarymesh\canarymesh\x64\canary3-debug\canarymesh.tlog\inf2cat-expand.10820.read.1.tlog
c:\users\ultim\source\repos\canarymesh\canarymesh\x64\canary3-debug\canarymesh.tlog\inf2cat-expand.10820.write.1.tlog
c:\users\ultim\source\repos\canarymesh\canarymesh\x64\canary3-debug\canarymesh.tlog\inf2cat-expand.1088.read.1.tlog
c:\users\ultim\source\repos\canarymesh\canarymesh\x64\canary3-debug\canarymesh.tlog\inf2cat-expand.1088.write.1.tlog
c:\users\ultim\source\repos\canarymesh\canarymesh\x64\canary3-debug\canarymesh.tlog\inf2cat-expand.11736.read.1.tlog
c:\users\ultim\source\repos\canarymesh\canarymesh\x64\canary3-debug\canarymesh.tlog\inf2cat-expand.11736.write.1.tlog
c:\users\ultim\source\repos\canarymesh\canarymesh\x64\canary3-debug\canarymesh.tlog\inf2cat-expand.11744.read.1.tlog
c:\users\ultim\source\repos\canarymesh\canarymesh\x64\canary3-debug\canarymesh.tlog\inf2cat-expand.11744.write.1.tlog
c:\users\ultim\source\repos\canarymesh\canarymesh\x64\canary3-debug\canarymesh.tlog\inf2cat-expand.12084.read.1.tlog
c:\users\ultim\source\repos\canarymesh\canarymesh\x64\canary3-debug\canarymesh.tlog\inf2cat-expand.12084.write.1.tlog
c:\users\ultim\source\repos\canarymesh\canarymesh\x64\canary3-debug\canarymesh.tlog\inf2cat-expand.12344.read.1.tlog
c:\users\ultim\source\repos\canarymesh\canarymesh\x64\canary3-debug\canarymesh.tlog\inf2cat-expand.12344.write.1.tlog
c:\users\ultim\source\repos\canarymesh\canarymesh\x64\canary3-debug\canarymesh.tlog\inf2cat-expand.12492.read.1.tlog
c:\users\ultim\source\repos\canarymesh\canarymesh\x64\canary3-debug\canarymesh.tlog\inf2cat-expand.12492.write.1.tlog
c:\users\ultim\source\repos\canarymesh\canarymesh\x64\canary3-debug\canarymesh.tlog\inf2cat-expand.12772.read.1.tlog
c:\users\ultim\source\repos\canarymesh\canarymesh\x64\canary3-debug\canarymesh.tlog\inf2cat-expand.12772.write.1.tlog
c:\users\ultim\source\repos\canarymesh\canarymesh\x64\canary3-debug\canarymesh.tlog\inf2cat-expand.12900.read.1.tlog
c:\users\ultim\source\repos\canarymesh\canarymesh\x64\canary3-debug\canarymesh.tlog\inf2cat-expand.12900.write.1.tlog
c:\users\ultim\source\repos\canarymesh\canarymesh\x64\canary3-debug\canarymesh.tlog\inf2cat-expand.12992.read.1.tlog
c:\users\ultim\source\repos\canarymesh\canarymesh\x64\canary3-debug\canarymesh.tlog\inf2cat-expand.12992.write.1.tlog
c:\users\ultim\source\repos\canarymesh\canarymesh\x64\canary3-debug\canarymesh.tlog\inf2cat-expand.1300.read.1.tlog
c:\users\ultim\source\repos\canarymesh\canarymesh\x64\canary3-debug\canarymesh.tlog\inf2cat-expand.1300.write.1.tlog
c:\users\ultim\source\repos\canarymesh\canarymesh\x64\canary3-debug\canarymesh.tlog\inf2cat-expand.13068.read.1.tlog
c:\users\ultim\source\repos\canarymesh\canarymesh\x64\canary3-debug\canarymesh.tlog\inf2cat-expand.13068.write.1.tlog
c:\users\ultim\source\repos\canarymesh\canarymesh\x64\canary3-debug\canarymesh.tlog\inf2cat-expand.13432.read.1.tlog
c:\users\ultim\source\repos\canarymesh\canarymesh\x64\canary3-debug\canarymesh.tlog\inf2cat-expand.13432.write.1.tlog
c:\users\ultim\source\repos\canarymesh\canarymesh\x64\canary3-debug\canarymesh.tlog\inf2cat-expand.14064.read.1.tlog
c:\users\ultim\source\repos\canarymesh\canarymesh\x64\canary3-debug\canarymesh.tlog\inf2cat-expand.14064.write.1.tlog
c:\users\ultim\source\repos\canarymesh\canarymesh\x64\canary3-debug\canarymesh.tlog\inf2cat-expand.14160.read.1.tlog
c:\users\ultim\source\repos\canarymesh\canarymesh\x64\canary3-debug\canarymesh.tlog\inf2cat-expand.14160.write.1.tlog
c:\users\ultim\source\repos\canarymesh\canarymesh\x64\canary3-debug\canarymesh.tlog\inf2cat-expand.14292.read.1.tlog
c:\users\ultim\source\repos\canarymesh\canarymesh\x64\canary3-debug\canarymesh.tlog\inf2cat-expand.14292.write.1.tlog
c:\users\ultim\source\repos\canarymesh\canarymesh\x64\canary3-debug\canarymesh.tlog\inf2cat-expand.14364.read.1.tlog
c:\users\ultim\source\repos\canarymesh\canarymesh\x64\canary3-debug\canarymesh.tlog\inf2cat-expand.14364.write.1.tlog
c:\users\ultim\source\repos\canarymesh\canarymesh\x64\canary3-debug\canarymesh.tlog\inf2cat-expand.14568.read.1.tlog
c:\users\ultim\source\repos\canarymesh\canarymesh\x64\canary3-debug\canarymesh.tlog\inf2cat-expand.14568.write.1.tlog
c:\users\ultim\source\repos\canarymesh\canarymesh\x64\canary3-debug\canarymesh.tlog\inf2cat-expand.14728.read.1.tlog
c:\users\ultim\source\repos\canarymesh\canarymesh\x64\canary3-debug\canarymesh.tlog\inf2cat-expand.14728.write.1.tlog
c:\users\ultim\source\repos\canarymesh\canarymesh\x64\canary3-debug\canarymesh.tlog\inf2cat-expand.14760.read.1.tlog
c:\users\ultim\source\repos\canarymesh\canarymesh\x64\canary3-debug\canarymesh.tlog\inf2cat-expand.14760.write.1.tlog
c:\users\ultim\source\repos\canarymesh\canarymesh\x64\canary3-debug\canarymesh.tlog\inf2cat-expand.14916.read.1.tlog
c:\users\ultim\source\repos\canarymesh\canarymesh\x64\canary3-debug\canarymesh.tlog\inf2cat-expand.14916.write.1.tlog
c:\users\ultim\source\repos\canarymesh\canarymesh\x64\canary3-debug\canarymesh.tlog\inf2cat-expand.15040.read.1.tlog
c:\users\ultim\source\repos\canarymesh\canarymesh\x64\canary3-debug\canarymesh.tlog\inf2cat-expand.15040.write.1.tlog
c:\users\ultim\source\repos\canarymesh\canarymesh\x64\canary3-debug\canarymesh.tlog\inf2cat-expand.15048.read.1.tlog
c:\users\ultim\source\repos\canarymesh\canarymesh\x64\canary3-debug\canarymesh.tlog\inf2cat-expand.15048.write.1.tlog
c:\users\ultim\source\repos\canarymesh\canarymesh\x64\canary3-debug\canarymesh.tlog\inf2cat-expand.15188.read.1.tlog
c:\users\ultim\source\repos\canarymesh\canarymesh\x64\canary3-debug\canarymesh.tlog\inf2cat-expand.15188.write.1.tlog
c:\users\ultim\source\repos\canarymesh\canarymesh\x64\canary3-debug\canarymesh.tlog\inf2cat-expand.15292.read.1.tlog
c:\users\ultim\source\repos\canarymesh\canarymesh\x64\canary3-debug\canarymesh.tlog\inf2cat-expand.15292.write.1.tlog
c:\users\ultim\source\repos\canarymesh\canarymesh\x64\canary3-debug\canarymesh.tlog\inf2cat-expand.15300.read.1.tlog
c:\users\ultim\source\repos\canarymesh\canarymesh\x64\canary3-debug\canarymesh.tlog\inf2cat-expand.15300.write.1.tlog
c:\users\ultim\source\repos\canarymesh\canarymesh\x64\canary3-debug\canarymesh.tlog\inf2cat-expand.15384.read.1.tlog
c:\users\ultim\source\repos\canarymesh\canarymesh\x64\canary3-debug\canarymesh.tlog\inf2cat-expand.15384.write.1.tlog
c:\users\ultim\source\repos\canarymesh\canarymesh\x64\canary3-debug\canarymesh.tlog\inf2cat-expand.15412.read.1.tlog
c:\users\ultim\source\repos\canarymesh\canarymesh\x64\canary3-debug\canarymesh.tlog\inf2cat-expand.15412.write.1.tlog
c:\users\ultim\source\repos\canarymesh\canarymesh\x64\canary3-debug\canarymesh.tlog\inf2cat-expand.16036.read.1.tlog
c:\users\ultim\source\repos\canarymesh\canarymesh\x64\canary3-debug\canarymesh.tlog\inf2cat-expand.16036.write.1.tlog
c:\users\ultim\source\repos\canarymesh\canarymesh\x64\canary3-debug\canarymesh.tlog\inf2cat-expand.16556.read.1.tlog
c:\users\ultim\source\repos\canarymesh\canarymesh\x64\canary3-debug\canarymesh.tlog\inf2cat-expand.16556.write.1.tlog
c:\users\ultim\source\repos\canarymesh\canarymesh\x64\canary3-debug\canarymesh.tlog\inf2cat-expand.16564.read.1.tlog
c:\users\ultim\source\repos\canarymesh\canarymesh\x64\canary3-debug\canarymesh.tlog\inf2cat-expand.16564.write.1.tlog
c:\users\ultim\source\repos\canarymesh\canarymesh\x64\canary3-debug\canarymesh.tlog\inf2cat-expand.16808.read.1.tlog
c:\users\ultim\source\repos\canarymesh\canarymesh\x64\canary3-debug\canarymesh.tlog\inf2cat-expand.16808.write.1.tlog
c:\users\ultim\source\repos\canarymesh\canarymesh\x64\canary3-debug\canarymesh.tlog\inf2cat-expand.17064.read.1.tlog
c:\users\ultim\source\repos\canarymesh\canarymesh\x64\canary3-debug\canarymesh.tlog\inf2cat-expand.17064.write.1.tlog
c:\users\ultim\source\repos\canarymesh\canarymesh\x64\canary3-debug\canarymesh.tlog\inf2cat-expand.17608.read.1.tlog
c:\users\ultim\source\repos\canarymesh\canarymesh\x64\canary3-debug\canarymesh.tlog\inf2cat-expand.17608.write.1.tlog
c:\users\ultim\source\repos\canarymesh\canarymesh\x64\canary3-debug\canarymesh.tlog\inf2cat-expand.18928.read.1.tlog
c:\users\ultim\source\repos\canarymesh\canarymesh\x64\canary3-debug\canarymesh.tlog\inf2cat-expand.18928.write.1.tlog
c:\users\ultim\source\repos\canarymesh\canarymesh\x64\canary3-debug\canarymesh.tlog\inf2cat-expand.21448.read.1.tlog
c:\users\ultim\source\repos\canarymesh\canarymesh\x64\canary3-debug\canarymesh.tlog\inf2cat-expand.21448.write.1.tlog
c:\users\ultim\source\repos\canarymesh\canarymesh\x64\canary3-debug\canarymesh.tlog\inf2cat-expand.2472.read.1.tlog
c:\users\ultim\source\repos\canarymesh\canarymesh\x64\canary3-debug\canarymesh.tlog\inf2cat-expand.2472.write.1.tlog
c:\users\ultim\source\repos\canarymesh\canarymesh\x64\canary3-debug\canarymesh.tlog\inf2cat-expand.2768.read.1.tlog
c:\users\ultim\source\repos\canarymesh\canarymesh\x64\canary3-debug\canarymesh.tlog\inf2cat-expand.2768.write.1.tlog
c:\users\ultim\source\repos\canarymesh\canarymesh\x64\canary3-debug\canarymesh.tlog\inf2cat-expand.2844.read.1.tlog
c:\users\ultim\source\repos\canarymesh\canarymesh\x64\canary3-debug\canarymesh.tlog\inf2cat-expand.2844.write.1.tlog
c:\users\ultim\source\repos\canarymesh\canarymesh\x64\canary3-debug\canarymesh.tlog\inf2cat-expand.3124.read.1.tlog
c:\users\ultim\source\repos\canarymesh\canarymesh\x64\canary3-debug\canarymesh.tlog\inf2cat-expand.3124.write.1.tlog
c:\users\ultim\source\repos\canarymesh\canarymesh\x64\canary3-debug\canarymesh.tlog\inf2cat-expand.3220.read.1.tlog
c:\users\ultim\source\repos\canarymesh\canarymesh\x64\canary3-debug\canarymesh.tlog\inf2cat-expand.3220.write.1.tlog
c:\users\ultim\source\repos\canarymesh\canarymesh\x64\canary3-debug\canarymesh.tlog\inf2cat-expand.4976.read.1.tlog
c:\users\ultim\source\repos\canarymesh\canarymesh\x64\canary3-debug\canarymesh.tlog\inf2cat-expand.4976.write.1.tlog
c:\users\ultim\source\repos\canarymesh\canarymesh\x64\canary3-debug\canarymesh.tlog\inf2cat-expand.5308.read.1.tlog
c:\users\ultim\source\repos\canarymesh\canarymesh\x64\canary3-debug\canarymesh.tlog\inf2cat-expand.5308.write.1.tlog
c:\users\ultim\source\repos\canarymesh\canarymesh\x64\canary3-debug\canarymesh.tlog\inf2cat-expand.5348.read.1.tlog
c:\users\ultim\source\repos\canarymesh\canarymesh\x64\canary3-debug\canarymesh.tlog\inf2cat-expand.5348.write.1.tlog
c:\users\ultim\source\repos\canarymesh\canarymesh\x64\canary3-debug\canarymesh.tlog\inf2cat-expand.5708.read.1.tlog
c:\users\ultim\source\repos\canarymesh\canarymesh\x64\canary3-debug\canarymesh.tlog\inf2cat-expand.5708.write.1.tlog
c:\users\ultim\source\repos\canarymesh\canarymesh\x64\canary3-debug\canarymesh.tlog\inf2cat-expand.5764.read.1.tlog
c:\users\ultim\source\repos\canarymesh\canarymesh\x64\canary3-debug\canarymesh.tlog\inf2cat-expand.5764.write.1.tlog
c:\users\ultim\source\repos\canarymesh\canarymesh\x64\canary3-debug\canarymesh.tlog\inf2cat-expand.6544.read.1.tlog
c:\users\ultim\source\repos\canarymesh\canarymesh\x64\canary3-debug\canarymesh.tlog\inf2cat-expand.6544.write.1.tlog
c:\users\ultim\source\repos\canarymesh\canarymesh\x64\canary3-debug\canarymesh.tlog\inf2cat-expand.7432.read.1.tlog
c:\users\ultim\source\repos\canarymesh\canarymesh\x64\canary3-debug\canarymesh.tlog\inf2cat-expand.7432.write.1.tlog
c:\users\ultim\source\repos\canarymesh\canarymesh\x64\canary3-debug\canarymesh.tlog\inf2cat-expand.8076.read.1.tlog
c:\users\ultim\source\repos\canarymesh\canarymesh\x64\canary3-debug\canarymesh.tlog\inf2cat-expand.8076.write.1.tlog
c:\users\ultim\source\repos\canarymesh\canarymesh\x64\canary3-debug\canarymesh.tlog\inf2cat-expand.9180.read.1.tlog
c:\users\ultim\source\repos\canarymesh\canarymesh\x64\canary3-debug\canarymesh.tlog\inf2cat-expand.9180.write.1.tlog
c:\users\ultim\source\repos\canarymesh\canarymesh\x64\canary3-debug\canarymesh.tlog\inf2cat-expand.968.read.1.tlog
c:\users\ultim\source\repos\canarymesh\canarymesh\x64\canary3-debug\canarymesh.tlog\inf2cat-expand.968.write.1.tlog
c:\users\ultim\source\repos\canarymesh\canarymesh\x64\canary3-debug\canarymesh.tlog\inf2cat-expand.read.1.tlog
c:\users\ultim\source\repos\canarymesh\canarymesh\x64\canary3-debug\canarymesh.tlog\inf2cat-expand.write.1.tlog
c:\users\ultim\source\repos\canarymesh\canarymesh\x64\canary3-debug\canarymesh.tlog\inf2cat.command.1.tlog
c:\users\ultim\source\repos\canarymesh\canarymesh\x64\canary3-debug\canarymesh.tlog\inf2cat.read.1.tlog
c:\users\ultim\source\repos\canarymesh\canarymesh\x64\canary3-debug\canarymesh.tlog\inf2cat.write.1.tlog
c:\users\ultim\source\repos\canarymesh\canarymesh\x64\canary3-debug\canarymesh.tlog\link.command.1.tlog
c:\users\ultim\source\repos\canarymesh\canarymesh\x64\canary3-debug\canarymesh.tlog\link.read.1.tlog
c:\users\ultim\source\repos\canarymesh\canarymesh\x64\canary3-debug\canarymesh.tlog\link.secondary.1.tlog
c:\users\ultim\source\repos\canarymesh\canarymesh\x64\canary3-debug\canarymesh.tlog\link.write.1.tlog
c:\users\ultim\source\repos\canarymesh\canarymesh\x64\canary3-debug\canarymesh.tlog\signtool.command.1.tlog
c:\users\ultim\source\repos\canarymesh\canarymesh\x64\canary3-debug\canarymesh.tlog\signtool.read.1.tlog
c:\users\ultim\source\repos\canarymesh\canarymesh\x64\canary3-debug\canarymesh.tlog\signtool.timestamp.1.tlog
c:\users\ultim\source\repos\canarymesh\canarymesh\x64\canary3-debug\canarymesh.tlog\signtool.write.1.tlog
c:\users\ultim\source\repos\canarymesh\canarymesh\x64\canary3-debug\canarymesh.tlog\stampinf.command.1.tlog
c:\users\ultim\source\repos\canarymesh\canarymesh\x64\canary3-debug\canarymesh.tlog\stampinf.read.1.tlog
c:\users\ultim\source\repos\canarymesh\canarymesh\x64\canary3-debug\canarymesh.tlog\stampinf.write.1.tlog
