c:\users\ultim\source\repos\canarymesh\canarymesh\x64\canary1-debug\vc143.pdb
c:\users\ultim\source\repos\canarymesh\canarymesh\x64\canary1-debug\driver_entry.obj
c:\users\ultim\source\repos\canarymesh\x64\canary1-debug\canarymesh\canarymesh.cat
c:\users\ultim\source\repos\canarymesh\x64\canary1-debug\canarymesh.sys
c:\users\ultim\source\repos\canarymesh\x64\canary1-debug\canarymesh.pdb
c:\users\ultim\source\repos\canarymesh\canarymesh\x64\canary1-debug\canarymesh.inf
c:\users\ultim\source\repos\canarymesh\x64\canary1-debug\canarymesh.cer
c:\users\ultim\source\repos\canarymesh\x64\canary1-debug\canarymesh.inf
c:\users\ultim\source\repos\canarymesh\canarymesh\x64\canary1-debug\canarymesh.tlog\cl.command.1.tlog
c:\users\ultim\source\repos\canarymesh\canarymesh\x64\canary1-debug\canarymesh.tlog\cl.items.tlog
c:\users\ultim\source\repos\canarymesh\canarymesh\x64\canary1-debug\canarymesh.tlog\cl.read.1.tlog
c:\users\ultim\source\repos\canarymesh\canarymesh\x64\canary1-debug\canarymesh.tlog\cl.write.1.tlog
c:\users\ultim\source\repos\canarymesh\canarymesh\x64\canary1-debug\canarymesh.tlog\drvcat.command.1.tlog
c:\users\ultim\source\repos\canarymesh\canarymesh\x64\canary1-debug\canarymesh.tlog\drvcat.read.1.tlog
c:\users\ultim\source\repos\canarymesh\canarymesh\x64\canary1-debug\canarymesh.tlog\drvcat.write.1.tlog
c:\users\ultim\source\repos\canarymesh\canarymesh\x64\canary1-debug\canarymesh.tlog\inf2cat-expand.10892.read.1.tlog
c:\users\ultim\source\repos\canarymesh\canarymesh\x64\canary1-debug\canarymesh.tlog\inf2cat-expand.10892.write.1.tlog
c:\users\ultim\source\repos\canarymesh\canarymesh\x64\canary1-debug\canarymesh.tlog\inf2cat-expand.11432.read.1.tlog
c:\users\ultim\source\repos\canarymesh\canarymesh\x64\canary1-debug\canarymesh.tlog\inf2cat-expand.11432.write.1.tlog
c:\users\ultim\source\repos\canarymesh\canarymesh\x64\canary1-debug\canarymesh.tlog\inf2cat-expand.1152.read.1.tlog
c:\users\ultim\source\repos\canarymesh\canarymesh\x64\canary1-debug\canarymesh.tlog\inf2cat-expand.1152.write.1.tlog
c:\users\ultim\source\repos\canarymesh\canarymesh\x64\canary1-debug\canarymesh.tlog\inf2cat-expand.11948.read.1.tlog
c:\users\ultim\source\repos\canarymesh\canarymesh\x64\canary1-debug\canarymesh.tlog\inf2cat-expand.11948.write.1.tlog
c:\users\ultim\source\repos\canarymesh\canarymesh\x64\canary1-debug\canarymesh.tlog\inf2cat-expand.12136.read.1.tlog
c:\users\ultim\source\repos\canarymesh\canarymesh\x64\canary1-debug\canarymesh.tlog\inf2cat-expand.12136.write.1.tlog
c:\users\ultim\source\repos\canarymesh\canarymesh\x64\canary1-debug\canarymesh.tlog\inf2cat-expand.12252.read.1.tlog
c:\users\ultim\source\repos\canarymesh\canarymesh\x64\canary1-debug\canarymesh.tlog\inf2cat-expand.12252.write.1.tlog
c:\users\ultim\source\repos\canarymesh\canarymesh\x64\canary1-debug\canarymesh.tlog\inf2cat-expand.12284.read.1.tlog
c:\users\ultim\source\repos\canarymesh\canarymesh\x64\canary1-debug\canarymesh.tlog\inf2cat-expand.12284.write.1.tlog
c:\users\ultim\source\repos\canarymesh\canarymesh\x64\canary1-debug\canarymesh.tlog\inf2cat-expand.12940.read.1.tlog
c:\users\ultim\source\repos\canarymesh\canarymesh\x64\canary1-debug\canarymesh.tlog\inf2cat-expand.12940.write.1.tlog
c:\users\ultim\source\repos\canarymesh\canarymesh\x64\canary1-debug\canarymesh.tlog\inf2cat-expand.13400.read.1.tlog
c:\users\ultim\source\repos\canarymesh\canarymesh\x64\canary1-debug\canarymesh.tlog\inf2cat-expand.13400.write.1.tlog
c:\users\ultim\source\repos\canarymesh\canarymesh\x64\canary1-debug\canarymesh.tlog\inf2cat-expand.13444.read.1.tlog
c:\users\ultim\source\repos\canarymesh\canarymesh\x64\canary1-debug\canarymesh.tlog\inf2cat-expand.13444.write.1.tlog
c:\users\ultim\source\repos\canarymesh\canarymesh\x64\canary1-debug\canarymesh.tlog\inf2cat-expand.13496.read.1.tlog
c:\users\ultim\source\repos\canarymesh\canarymesh\x64\canary1-debug\canarymesh.tlog\inf2cat-expand.13496.write.1.tlog
c:\users\ultim\source\repos\canarymesh\canarymesh\x64\canary1-debug\canarymesh.tlog\inf2cat-expand.13792.read.1.tlog
c:\users\ultim\source\repos\canarymesh\canarymesh\x64\canary1-debug\canarymesh.tlog\inf2cat-expand.13792.write.1.tlog
c:\users\ultim\source\repos\canarymesh\canarymesh\x64\canary1-debug\canarymesh.tlog\inf2cat-expand.13864.read.1.tlog
c:\users\ultim\source\repos\canarymesh\canarymesh\x64\canary1-debug\canarymesh.tlog\inf2cat-expand.13864.write.1.tlog
c:\users\ultim\source\repos\canarymesh\canarymesh\x64\canary1-debug\canarymesh.tlog\inf2cat-expand.13964.read.1.tlog
c:\users\ultim\source\repos\canarymesh\canarymesh\x64\canary1-debug\canarymesh.tlog\inf2cat-expand.13964.write.1.tlog
c:\users\ultim\source\repos\canarymesh\canarymesh\x64\canary1-debug\canarymesh.tlog\inf2cat-expand.14128.read.1.tlog
c:\users\ultim\source\repos\canarymesh\canarymesh\x64\canary1-debug\canarymesh.tlog\inf2cat-expand.14128.write.1.tlog
c:\users\ultim\source\repos\canarymesh\canarymesh\x64\canary1-debug\canarymesh.tlog\inf2cat-expand.14176.read.1.tlog
c:\users\ultim\source\repos\canarymesh\canarymesh\x64\canary1-debug\canarymesh.tlog\inf2cat-expand.14176.write.1.tlog
c:\users\ultim\source\repos\canarymesh\canarymesh\x64\canary1-debug\canarymesh.tlog\inf2cat-expand.14216.read.1.tlog
c:\users\ultim\source\repos\canarymesh\canarymesh\x64\canary1-debug\canarymesh.tlog\inf2cat-expand.14216.write.1.tlog
c:\users\ultim\source\repos\canarymesh\canarymesh\x64\canary1-debug\canarymesh.tlog\inf2cat-expand.14244.read.1.tlog
c:\users\ultim\source\repos\canarymesh\canarymesh\x64\canary1-debug\canarymesh.tlog\inf2cat-expand.14244.write.1.tlog
c:\users\ultim\source\repos\canarymesh\canarymesh\x64\canary1-debug\canarymesh.tlog\inf2cat-expand.15344.read.1.tlog
c:\users\ultim\source\repos\canarymesh\canarymesh\x64\canary1-debug\canarymesh.tlog\inf2cat-expand.15344.write.1.tlog
c:\users\ultim\source\repos\canarymesh\canarymesh\x64\canary1-debug\canarymesh.tlog\inf2cat-expand.15476.read.1.tlog
c:\users\ultim\source\repos\canarymesh\canarymesh\x64\canary1-debug\canarymesh.tlog\inf2cat-expand.15476.write.1.tlog
c:\users\ultim\source\repos\canarymesh\canarymesh\x64\canary1-debug\canarymesh.tlog\inf2cat-expand.15736.read.1.tlog
c:\users\ultim\source\repos\canarymesh\canarymesh\x64\canary1-debug\canarymesh.tlog\inf2cat-expand.15736.write.1.tlog
c:\users\ultim\source\repos\canarymesh\canarymesh\x64\canary1-debug\canarymesh.tlog\inf2cat-expand.16024.read.1.tlog
c:\users\ultim\source\repos\canarymesh\canarymesh\x64\canary1-debug\canarymesh.tlog\inf2cat-expand.16024.write.1.tlog
c:\users\ultim\source\repos\canarymesh\canarymesh\x64\canary1-debug\canarymesh.tlog\inf2cat-expand.16272.read.1.tlog
c:\users\ultim\source\repos\canarymesh\canarymesh\x64\canary1-debug\canarymesh.tlog\inf2cat-expand.16272.write.1.tlog
c:\users\ultim\source\repos\canarymesh\canarymesh\x64\canary1-debug\canarymesh.tlog\inf2cat-expand.16428.read.1.tlog
c:\users\ultim\source\repos\canarymesh\canarymesh\x64\canary1-debug\canarymesh.tlog\inf2cat-expand.16428.write.1.tlog
c:\users\ultim\source\repos\canarymesh\canarymesh\x64\canary1-debug\canarymesh.tlog\inf2cat-expand.1664.read.1.tlog
c:\users\ultim\source\repos\canarymesh\canarymesh\x64\canary1-debug\canarymesh.tlog\inf2cat-expand.1664.write.1.tlog
c:\users\ultim\source\repos\canarymesh\canarymesh\x64\canary1-debug\canarymesh.tlog\inf2cat-expand.17040.read.1.tlog
c:\users\ultim\source\repos\canarymesh\canarymesh\x64\canary1-debug\canarymesh.tlog\inf2cat-expand.17040.write.1.tlog
c:\users\ultim\source\repos\canarymesh\canarymesh\x64\canary1-debug\canarymesh.tlog\inf2cat-expand.17160.read.1.tlog
c:\users\ultim\source\repos\canarymesh\canarymesh\x64\canary1-debug\canarymesh.tlog\inf2cat-expand.17160.write.1.tlog
c:\users\ultim\source\repos\canarymesh\canarymesh\x64\canary1-debug\canarymesh.tlog\inf2cat-expand.17220.read.1.tlog
c:\users\ultim\source\repos\canarymesh\canarymesh\x64\canary1-debug\canarymesh.tlog\inf2cat-expand.17220.write.1.tlog
c:\users\ultim\source\repos\canarymesh\canarymesh\x64\canary1-debug\canarymesh.tlog\inf2cat-expand.17312.read.1.tlog
c:\users\ultim\source\repos\canarymesh\canarymesh\x64\canary1-debug\canarymesh.tlog\inf2cat-expand.17312.write.1.tlog
c:\users\ultim\source\repos\canarymesh\canarymesh\x64\canary1-debug\canarymesh.tlog\inf2cat-expand.17484.read.1.tlog
c:\users\ultim\source\repos\canarymesh\canarymesh\x64\canary1-debug\canarymesh.tlog\inf2cat-expand.17484.write.1.tlog
c:\users\ultim\source\repos\canarymesh\canarymesh\x64\canary1-debug\canarymesh.tlog\inf2cat-expand.17928.read.1.tlog
c:\users\ultim\source\repos\canarymesh\canarymesh\x64\canary1-debug\canarymesh.tlog\inf2cat-expand.17928.write.1.tlog
c:\users\ultim\source\repos\canarymesh\canarymesh\x64\canary1-debug\canarymesh.tlog\inf2cat-expand.18224.read.1.tlog
c:\users\ultim\source\repos\canarymesh\canarymesh\x64\canary1-debug\canarymesh.tlog\inf2cat-expand.18224.write.1.tlog
c:\users\ultim\source\repos\canarymesh\canarymesh\x64\canary1-debug\canarymesh.tlog\inf2cat-expand.18248.read.1.tlog
c:\users\ultim\source\repos\canarymesh\canarymesh\x64\canary1-debug\canarymesh.tlog\inf2cat-expand.18248.write.1.tlog
c:\users\ultim\source\repos\canarymesh\canarymesh\x64\canary1-debug\canarymesh.tlog\inf2cat-expand.1864.read.1.tlog
c:\users\ultim\source\repos\canarymesh\canarymesh\x64\canary1-debug\canarymesh.tlog\inf2cat-expand.1864.write.1.tlog
c:\users\ultim\source\repos\canarymesh\canarymesh\x64\canary1-debug\canarymesh.tlog\inf2cat-expand.18648.read.1.tlog
c:\users\ultim\source\repos\canarymesh\canarymesh\x64\canary1-debug\canarymesh.tlog\inf2cat-expand.18648.write.1.tlog
c:\users\ultim\source\repos\canarymesh\canarymesh\x64\canary1-debug\canarymesh.tlog\inf2cat-expand.18828.read.1.tlog
c:\users\ultim\source\repos\canarymesh\canarymesh\x64\canary1-debug\canarymesh.tlog\inf2cat-expand.18828.write.1.tlog
c:\users\ultim\source\repos\canarymesh\canarymesh\x64\canary1-debug\canarymesh.tlog\inf2cat-expand.2908.read.1.tlog
c:\users\ultim\source\repos\canarymesh\canarymesh\x64\canary1-debug\canarymesh.tlog\inf2cat-expand.2908.write.1.tlog
c:\users\ultim\source\repos\canarymesh\canarymesh\x64\canary1-debug\canarymesh.tlog\inf2cat-expand.3420.read.1.tlog
c:\users\ultim\source\repos\canarymesh\canarymesh\x64\canary1-debug\canarymesh.tlog\inf2cat-expand.3420.write.1.tlog
c:\users\ultim\source\repos\canarymesh\canarymesh\x64\canary1-debug\canarymesh.tlog\inf2cat-expand.3852.read.1.tlog
c:\users\ultim\source\repos\canarymesh\canarymesh\x64\canary1-debug\canarymesh.tlog\inf2cat-expand.3852.write.1.tlog
c:\users\ultim\source\repos\canarymesh\canarymesh\x64\canary1-debug\canarymesh.tlog\inf2cat-expand.4128.read.1.tlog
c:\users\ultim\source\repos\canarymesh\canarymesh\x64\canary1-debug\canarymesh.tlog\inf2cat-expand.4128.write.1.tlog
c:\users\ultim\source\repos\canarymesh\canarymesh\x64\canary1-debug\canarymesh.tlog\inf2cat-expand.4692.read.1.tlog
c:\users\ultim\source\repos\canarymesh\canarymesh\x64\canary1-debug\canarymesh.tlog\inf2cat-expand.4692.write.1.tlog
c:\users\ultim\source\repos\canarymesh\canarymesh\x64\canary1-debug\canarymesh.tlog\inf2cat-expand.4992.read.1.tlog
c:\users\ultim\source\repos\canarymesh\canarymesh\x64\canary1-debug\canarymesh.tlog\inf2cat-expand.4992.write.1.tlog
c:\users\ultim\source\repos\canarymesh\canarymesh\x64\canary1-debug\canarymesh.tlog\inf2cat-expand.5244.read.1.tlog
c:\users\ultim\source\repos\canarymesh\canarymesh\x64\canary1-debug\canarymesh.tlog\inf2cat-expand.5244.write.1.tlog
c:\users\ultim\source\repos\canarymesh\canarymesh\x64\canary1-debug\canarymesh.tlog\inf2cat-expand.5404.read.1.tlog
c:\users\ultim\source\repos\canarymesh\canarymesh\x64\canary1-debug\canarymesh.tlog\inf2cat-expand.5404.write.1.tlog
c:\users\ultim\source\repos\canarymesh\canarymesh\x64\canary1-debug\canarymesh.tlog\inf2cat-expand.5904.read.1.tlog
c:\users\ultim\source\repos\canarymesh\canarymesh\x64\canary1-debug\canarymesh.tlog\inf2cat-expand.5904.write.1.tlog
c:\users\ultim\source\repos\canarymesh\canarymesh\x64\canary1-debug\canarymesh.tlog\inf2cat-expand.6016.read.1.tlog
c:\users\ultim\source\repos\canarymesh\canarymesh\x64\canary1-debug\canarymesh.tlog\inf2cat-expand.6016.write.1.tlog
c:\users\ultim\source\repos\canarymesh\canarymesh\x64\canary1-debug\canarymesh.tlog\inf2cat-expand.6080.read.1.tlog
c:\users\ultim\source\repos\canarymesh\canarymesh\x64\canary1-debug\canarymesh.tlog\inf2cat-expand.6080.write.1.tlog
c:\users\ultim\source\repos\canarymesh\canarymesh\x64\canary1-debug\canarymesh.tlog\inf2cat-expand.6492.read.1.tlog
c:\users\ultim\source\repos\canarymesh\canarymesh\x64\canary1-debug\canarymesh.tlog\inf2cat-expand.6492.write.1.tlog
c:\users\ultim\source\repos\canarymesh\canarymesh\x64\canary1-debug\canarymesh.tlog\inf2cat-expand.6620.read.1.tlog
c:\users\ultim\source\repos\canarymesh\canarymesh\x64\canary1-debug\canarymesh.tlog\inf2cat-expand.6620.write.1.tlog
c:\users\ultim\source\repos\canarymesh\canarymesh\x64\canary1-debug\canarymesh.tlog\inf2cat-expand.6652.read.1.tlog
c:\users\ultim\source\repos\canarymesh\canarymesh\x64\canary1-debug\canarymesh.tlog\inf2cat-expand.6652.write.1.tlog
c:\users\ultim\source\repos\canarymesh\canarymesh\x64\canary1-debug\canarymesh.tlog\inf2cat-expand.7048.read.1.tlog
c:\users\ultim\source\repos\canarymesh\canarymesh\x64\canary1-debug\canarymesh.tlog\inf2cat-expand.7048.write.1.tlog
c:\users\ultim\source\repos\canarymesh\canarymesh\x64\canary1-debug\canarymesh.tlog\inf2cat-expand.7288.read.1.tlog
c:\users\ultim\source\repos\canarymesh\canarymesh\x64\canary1-debug\canarymesh.tlog\inf2cat-expand.7288.write.1.tlog
c:\users\ultim\source\repos\canarymesh\canarymesh\x64\canary1-debug\canarymesh.tlog\inf2cat-expand.7600.read.1.tlog
c:\users\ultim\source\repos\canarymesh\canarymesh\x64\canary1-debug\canarymesh.tlog\inf2cat-expand.7600.write.1.tlog
c:\users\ultim\source\repos\canarymesh\canarymesh\x64\canary1-debug\canarymesh.tlog\inf2cat-expand.read.1.tlog
c:\users\ultim\source\repos\canarymesh\canarymesh\x64\canary1-debug\canarymesh.tlog\inf2cat-expand.write.1.tlog
c:\users\ultim\source\repos\canarymesh\canarymesh\x64\canary1-debug\canarymesh.tlog\inf2cat.command.1.tlog
c:\users\ultim\source\repos\canarymesh\canarymesh\x64\canary1-debug\canarymesh.tlog\inf2cat.read.1.tlog
c:\users\ultim\source\repos\canarymesh\canarymesh\x64\canary1-debug\canarymesh.tlog\inf2cat.write.1.tlog
c:\users\ultim\source\repos\canarymesh\canarymesh\x64\canary1-debug\canarymesh.tlog\link.command.1.tlog
c:\users\ultim\source\repos\canarymesh\canarymesh\x64\canary1-debug\canarymesh.tlog\link.read.1.tlog
c:\users\ultim\source\repos\canarymesh\canarymesh\x64\canary1-debug\canarymesh.tlog\link.secondary.1.tlog
c:\users\ultim\source\repos\canarymesh\canarymesh\x64\canary1-debug\canarymesh.tlog\link.write.1.tlog
c:\users\ultim\source\repos\canarymesh\canarymesh\x64\canary1-debug\canarymesh.tlog\signtool.command.1.tlog
c:\users\ultim\source\repos\canarymesh\canarymesh\x64\canary1-debug\canarymesh.tlog\signtool.read.1.tlog
c:\users\ultim\source\repos\canarymesh\canarymesh\x64\canary1-debug\canarymesh.tlog\signtool.timestamp.1.tlog
c:\users\ultim\source\repos\canarymesh\canarymesh\x64\canary1-debug\canarymesh.tlog\signtool.write.1.tlog
c:\users\ultim\source\repos\canarymesh\canarymesh\x64\canary1-debug\canarymesh.tlog\stampinf.command.1.tlog
c:\users\ultim\source\repos\canarymesh\canarymesh\x64\canary1-debug\canarymesh.tlog\stampinf.read.1.tlog
c:\users\ultim\source\repos\canarymesh\canarymesh\x64\canary1-debug\canarymesh.tlog\stampinf.write.1.tlog
